01:09:40.983 [ INFO] maestro.cli.report.TestDebugReporter.logSystemInfo: Debug output path: /home/runner/.maestro/tests/2026-06-01_010940
01:09:40.989 [ INFO] MAESTRO.logSystemInfo: ---- System Info ----
01:09:40.990 [ INFO] MAESTRO.logSystemInfo: Maestro Version: 2.6.0
01:09:40.990 [ INFO] MAESTRO.logSystemInfo: CI: github
01:09:40.994 [ INFO] MAESTRO.logSystemInfo: OS Name: Linux
01:09:40.995 [ INFO] MAESTRO.logSystemInfo: OS Version: 6.17.0-1015-azure
01:09:40.995 [ INFO] MAESTRO.logSystemInfo: Architecture: amd64
01:09:40.996 [ INFO] MAESTRO.logSystemInfo: Java Version: 17
01:09:41.000 [ INFO] MAESTRO.logSystemInfo: Xcode Version: null
01:09:41.004 [ INFO] MAESTRO.logSystemInfo: Flutter Version: Undefined
01:09:41.006 [ INFO] MAESTRO.logSystemInfo: Flutter Channel: Undefined
01:09:41.006 [ INFO] MAESTRO.logSystemInfo: ---------------------
01:09:41.151 [DEBUG] io.micrometer.common.util.internal.logging.InternalLoggerFactory.newDefaultFactory: Using SLF4J as the default logging framework
01:09:43.297 [ INFO] maestro.cli.command.TestCommand.runShardSuite: [shard 1] Selected device emulator-5554 using port 42097 with execution plan ExecutionPlan(flowsToRun=[/home/runner/work/sense-mobile/sense-mobile/.maestro/flow.yaml], sequence=FlowSequence(flows=[], continueOnFailure=true), workspaceConfig=WorkspaceConfig(flows=null, includeTags=null, excludeTags=null, executionOrder=null, baselineBranch=null, notifications=null, disableRetries=false, platform=PlatformConfiguration(android=AndroidConfiguration(disableAnimations=false), ios=IOSConfiguration(disableAnimations=false, snapshotKeyHonorModalViews=null)), testOutputDir=null))
01:09:45.750 [ INFO] maestro.cli.runner.TestRunner.runSingle$lambda$0: Running flow flow.yaml...
01:09:45.768 [ INFO] maestro.Maestro.cachedDeviceInfo_delegate$lambda$0: Getting device info
01:09:45.885 [ INFO] maestro.Maestro.cachedDeviceInfo_delegate$lambda$0: Got device info: DeviceInfo(platform=ANDROID, widthPixels=1080, heightPixels=2400, widthGrid=1080, heightGrid=2400)
01:09:45.936 [ INFO] maestro.cli.runner.MaestroCommandRunner.runCommands$lambda$0: Define variables RUNNING
01:09:45.941 [ INFO] maestro.cli.runner.MaestroCommandRunner.runCommands$lambda$11: Define variables metadata CommandMetadata(numberOfRuns=null, evaluatedCommand=MaestroCommand(defineVariablesCommand=DefineVariablesCommand(env={MAESTRO_FILENAME=flow, MAESTRO_DEVICE_UDID=emulator-5554, MAESTRO_SHARD_ID=1, MAESTRO_SHARD_INDEX=0}, label=null, optional=false)), logMessages=[], insight=Insight(message=, level=NONE), aiReasoning=null, labeledCommand=null)
01:09:45.941 [ INFO] maestro.cli.runner.MaestroCommandRunner.runCommands$lambda$2: Define variables COMPLETED
01:09:45.942 [ INFO] maestro.cli.runner.MaestroCommandRunner.runCommands$lambda$0: Apply configuration RUNNING
01:09:45.945 [ INFO] maestro.cli.runner.MaestroCommandRunner.runCommands$lambda$11: Apply configuration metadata CommandMetadata(numberOfRuns=null, evaluatedCommand=MaestroCommand(applyConfigurationCommand=ApplyConfigurationCommand(config=MaestroConfig(appId=com.dogmomhq.sensemobile, name=null, tags=[], ext={}, onFlowStart=null, onFlowComplete=null, properties={}), label=null, optional=false)), logMessages=[], insight=Insight(message=, level=NONE), aiReasoning=null, labeledCommand=null)
01:09:45.945 [ INFO] maestro.cli.runner.MaestroCommandRunner.runCommands$lambda$2: Apply configuration COMPLETED
01:09:45.945 [ INFO] maestro.cli.runner.MaestroCommandRunner.runCommands$lambda$0: Launch app "com.dogmomhq.sensemobile" RUNNING
01:09:45.948 [ INFO] maestro.cli.runner.MaestroCommandRunner.runCommands$lambda$11: Launch app "com.dogmomhq.sensemobile" metadata CommandMetadata(numberOfRuns=null, evaluatedCommand=MaestroCommand(launchAppCommand=LaunchAppCommand(appId=com.dogmomhq.sensemobile, clearState=null, clearKeychain=null, stopApp=null, permissions=null, launchArguments=null, label=null, optional=false)), logMessages=[], insight=Insight(message=, level=NONE), aiReasoning=null, labeledCommand=null)
01:09:46.441 [DEBUG] maestro.Maestro.setPermissionInternal: Failed to set permission android.permission.READ_EXTERNAL_STORAGE for app com.dogmomhq.sensemobile: pm grant com.dogmomhq.sensemobile android.permission.READ_EXTERNAL_STORAGE: 
Exception occurred while executing 'grant':
java.lang.SecurityException: Package com.dogmomhq.sensemobile has not requested permission android.permission.READ_EXTERNAL_STORAGE
	at com.android.server.pm.permission.PermissionManagerServiceImpl.grantRuntimePermissionInternal(PermissionManagerServiceImpl.java:1423)
	at com.android.server.pm.permission.PermissionManagerServiceImpl.grantRuntimePermission(PermissionManagerServiceImpl.java:1337)
	at com.android.server.pm.permission.PermissionManagerService.grantRuntimePermission(PermissionManagerService.java:551)
	at android.permission.PermissionManager.grantRuntimePermission(PermissionManager.java:609)
	at com.android.server.pm.PackageManagerShellCommand.runGrantRevokePermission(PackageManagerShellCommand.java:2672)
	at com.android.server.pm.PackageManagerShellCommand.onCommand(PackageManagerShellCommand.java:291)
	at com.android.modules.utils.BasicShellCommandHandler.exec(BasicShellCommandHandler.java:97)
	at android.os.ShellCommand.exec(ShellCommand.java:38)
	at com.android.server.pm.PackageManagerService$IPackageManagerImpl.onShellCommand(PackageManagerService.java:6350)
	at android.os.Binder.shellCommand(Binder.java:1068)
	at android.os.Binder.onTransact(Binder.java:888)
	at android.content.pm.IPackageManager$Stub.onTransact(IPackageManager.java:4352)
	at com.android.server.pm.PackageManagerService$IPackageManagerImpl.onTransact(PackageManagerService.java:6334)
	at android.os.Binder.execTransactInternal(Binder.java:1344)
	at android.os.Binder.execTransact(Binder.java:1275)

01:09:46.467 [DEBUG] maestro.Maestro.setPermissionInternal: Failed to set permission android.permission.WRITE_EXTERNAL_STORAGE for app com.dogmomhq.sensemobile: pm grant com.dogmomhq.sensemobile android.permission.WRITE_EXTERNAL_STORAGE: 
Exception occurred while executing 'grant':
java.lang.SecurityException: Package com.dogmomhq.sensemobile has not requested permission android.permission.WRITE_EXTERNAL_STORAGE
	at com.android.server.pm.permission.PermissionManagerServiceImpl.grantRuntimePermissionInternal(PermissionManagerServiceImpl.java:1423)
	at com.android.server.pm.permission.PermissionManagerServiceImpl.grantRuntimePermission(PermissionManagerServiceImpl.java:1337)
	at com.android.server.pm.permission.PermissionManagerService.grantRuntimePermission(PermissionManagerService.java:551)
	at android.permission.PermissionManager.grantRuntimePermission(PermissionManager.java:609)
	at com.android.server.pm.PackageManagerShellCommand.runGrantRevokePermission(PackageManagerShellCommand.java:2672)
	at com.android.server.pm.PackageManagerShellCommand.onCommand(PackageManagerShellCommand.java:291)
	at com.android.modules.utils.BasicShellCommandHandler.exec(BasicShellCommandHandler.java:97)
	at android.os.ShellCommand.exec(ShellCommand.java:38)
	at com.android.server.pm.PackageManagerService$IPackageManagerImpl.onShellCommand(PackageManagerService.java:6350)
	at android.os.Binder.shellCommand(Binder.java:1068)
	at android.os.Binder.onTransact(Binder.java:888)
	at android.content.pm.IPackageManager$Stub.onTransact(IPackageManager.java:4352)
	at com.android.server.pm.PackageManagerService$IPackageManagerImpl.onTransact(PackageManagerService.java:6334)
	at android.os.Binder.execTransactInternal(Binder.java:1344)
	at android.os.Binder.execTransact(Binder.java:1275)

01:09:46.482 [ INFO] maestro.Maestro.launchApp$lambda$2: Launching app com.dogmomhq.sensemobile
01:09:46.482 [ INFO] maestro.Maestro.launchApp$lambda$2: Stopping com.dogmomhq.sensemobile app during launch
01:09:46.684 [ INFO] maestro.cli.runner.MaestroCommandRunner.runCommands$lambda$2: Launch app "com.dogmomhq.sensemobile" COMPLETED
01:09:46.688 [ INFO] maestro.cli.runner.MaestroCommandRunner.runCommands$lambda$0: Wait for animation to end within 10000 ms RUNNING
01:09:46.689 [ INFO] maestro.cli.runner.MaestroCommandRunner.runCommands$lambda$11: Wait for animation to end within 10000 ms metadata CommandMetadata(numberOfRuns=null, evaluatedCommand=MaestroCommand(waitForAnimationToEndCommand=WaitForAnimationToEndCommand(timeout=10000, label=null, optional=false)), logMessages=[], insight=Insight(message=, level=NONE), aiReasoning=null, labeledCommand=null)
01:09:46.695 [ INFO] maestro.Maestro.waitForAnimationToEnd$lambda$51: Waiting for animation to end with timeout 10000
01:09:46.701 [TRACE] maestro.utils.ScreenshotUtils.takeScreenshot: Taking screenshot to byte array
01:09:46.701 [TRACE] maestro.utils.ScreenshotUtils.takeScreenshot: Taking screenshot to output sink
01:09:47.814 [TRACE] maestro.utils.ScreenshotUtils.takeScreenshot: Taking screenshot to byte array
01:09:47.814 [TRACE] maestro.utils.ScreenshotUtils.takeScreenshot: Taking screenshot to output sink
01:09:48.981 [TRACE] maestro.utils.ScreenshotUtils.takeScreenshot: Taking screenshot to byte array
01:09:48.981 [TRACE] maestro.utils.ScreenshotUtils.takeScreenshot: Taking screenshot to output sink
01:09:49.491 [TRACE] maestro.utils.ScreenshotUtils.takeScreenshot: Taking screenshot to byte array
01:09:49.491 [TRACE] maestro.utils.ScreenshotUtils.takeScreenshot: Taking screenshot to output sink
01:09:50.289 [TRACE] maestro.utils.ScreenshotUtils.takeScreenshot: Taking screenshot to byte array
01:09:50.289 [TRACE] maestro.utils.ScreenshotUtils.takeScreenshot: Taking screenshot to output sink
01:09:50.539 [TRACE] maestro.utils.ScreenshotUtils.takeScreenshot: Taking screenshot to byte array
01:09:50.540 [TRACE] maestro.utils.ScreenshotUtils.takeScreenshot: Taking screenshot to output sink
01:09:50.874 [ INFO] maestro.cli.runner.MaestroCommandRunner.runCommands$lambda$2: Wait for animation to end within 10000 ms COMPLETED
01:09:50.875 [ INFO] maestro.cli.runner.MaestroCommandRunner.runCommands$lambda$0: Take screenshot maestro-shots/00_launch RUNNING
01:09:50.877 [ INFO] maestro.cli.runner.MaestroCommandRunner.runCommands$lambda$11: Take screenshot maestro-shots/00_launch metadata CommandMetadata(numberOfRuns=null, evaluatedCommand=MaestroCommand(takeScreenshotCommand=TakeScreenshotCommand(path=maestro-shots/00_launch, cropOn=null, label=null, optional=false)), logMessages=[], insight=Insight(message=, level=NONE), aiReasoning=null, labeledCommand=null)
01:09:50.878 [ INFO] maestro.Maestro.takeScreenshot: Taking screenshot
01:09:50.879 [TRACE] maestro.utils.ScreenshotUtils.takeScreenshot: Taking screenshot to output sink
01:09:51.273 [ INFO] maestro.cli.runner.MaestroCommandRunner.runCommands$lambda$2: Take screenshot maestro-shots/00_launch COMPLETED
01:09:51.273 [ INFO] maestro.cli.runner.MaestroCommandRunner.runCommands$lambda$0: Run flow when "SENSE" is visible RUNNING
01:09:51.302 [ INFO] maestro.cli.runner.MaestroCommandRunner.runCommands$lambda$11: Run flow when "SENSE" is visible metadata CommandMetadata(numberOfRuns=null, evaluatedCommand=MaestroCommand(runFlowCommand=RunFlowCommand(commands=[MaestroCommand(takeScreenshotCommand=TakeScreenshotCommand(path=maestro-shots/01_home, cropOn=null, label=null, optional=false)), MaestroCommand(tapOnElementCommand=TapOnElementCommand(selector=ElementSelector(textRegex=Profile, idRegex=null, size=null, below=null, above=null, leftOf=null, rightOf=null, containsChild=null, containsDescendants=null, traits=null, index=null, enabled=null, optional=false, selected=null, checked=null, focused=null, childOf=null, css=null), retryIfNoChange=false, waitUntilVisible=false, longPress=false, repeat=null, waitToSettleTimeoutMs=null, relativePoint=null, label=null, optional=false)), MaestroCommand(takeScreenshotCommand=TakeScreenshotCommand(path=maestro-shots/07_profile, cropOn=null, label=null, optional=false)), MaestroCommand(tapOnElementCommand=TapOnElementCommand(selector=ElementSelector(textRegex=Play, idRegex=null, size=null, below=null, above=null, leftOf=null, rightOf=null, containsChild=null, containsDescendants=null, traits=null, index=null, enabled=null, optional=false, selected=null, checked=null, focused=null, childOf=null, css=null), retryIfNoChange=false, waitUntilVisible=false, longPress=false, repeat=null, waitToSettleTimeoutMs=null, relativePoint=null, label=null, optional=false)), MaestroCommand(tapOnElementCommand=TapOnElementCommand(selector=ElementSelector(textRegex=Practice vs computer, idRegex=null, size=null, below=null, above=null, leftOf=null, rightOf=null, containsChild=null, containsDescendants=null, traits=null, index=null, enabled=null, optional=false, selected=null, checked=null, focused=null, childOf=null, css=null), retryIfNoChange=false, waitUntilVisible=false, longPress=false, repeat=null, waitToSettleTimeoutMs=null, relativePoint=null, label=null, optional=false)), MaestroCommand(assertConditionCommand=AssertConditionCommand(condition=Condition(platform=null, visible=ElementSelector(textRegex=What animal is this?, idRegex=null, size=null, below=null, above=null, leftOf=null, rightOf=null, containsChild=null, containsDescendants=null, traits=null, index=null, enabled=null, optional=false, selected=null, checked=null, focused=null, childOf=null, css=null), notVisible=null, scriptCondition=null, label=null), timeout=12000, label=null, optional=false)), MaestroCommand(takeScreenshotCommand=TakeScreenshotCommand(path=maestro-shots/02_play, cropOn=null, label=null, optional=false))], condition=Condition(platform=null, visible=ElementSelector(textRegex=SENSE, idRegex=null, size=null, below=null, above=null, leftOf=null, rightOf=null, containsChild=null, containsDescendants=null, traits=null, index=null, enabled=null, optional=false, selected=null, checked=null, focused=null, childOf=null, css=null), notVisible=null, scriptCondition=null, label=null), sourceDescription=null, config=null, label=null, optional=false)), logMessages=[], insight=Insight(message=, level=NONE), aiReasoning=null, labeledCommand=null)
01:09:58.068 [ INFO] maestro.orchestra.Orchestra.executeCommands: [Command execution] CommandSkipped: null
01:09:58.068 [ INFO] maestro.cli.runner.MaestroCommandRunner.runCommands$lambda$8: Run flow when "SENSE" is visible SKIPPED
01:09:58.456 [ INFO] maestro.cli.report.TestDebugReporter.deleteOldFiles: Performing purge of logs older than 14 days from /home/runner/.maestro/tests
